=== start 19:51:02 ===
[1/139] OK BabyMix/2022/12 (79 MB, 4 file)
[2/139] OK BabyMix/2023/01 (161 MB, 19 file)
[3/139] OK BabyMix/2023/02 (12 MB, 1 file)
[4/139] OK BabyMix/2023/03 (23 MB, 3 file)
[5/139] OK BabyMix/2023/04 (14 MB, 1 file)
[6/139] OK BabyMix/2023/05 (24 MB, 4 file)
[7/139] OK BabyMix/2023/06 (14 MB, 1 file)
[8/139] OK BabyMix/2023/07 (28 MB, 2 file)
[9/139] OK BabyMix/2023/08 (107 MB, 7 file)
[10/139] OK BabyMix/2023/09 (5 MB, 1 file)
[11/139] OK BabyMix/2023/10 (76 MB, 10 file)
[12/139] OK BabyMix/2023/11 (11 MB, 1 file)
[13/139] OK BabyMix/2023/12 (16 MB, 3 file)
[14/139] OK BabyMix/2024/01 (114 MB, 10 file)
[15/139] OK BabyMix/2024/02 (42 MB, 4 file)
[16/139] OK BabyMix/2024/04 (90 MB, 14 file)
[17/139] OK BabyMix/2024/05 (11 MB, 3 file)
[18/139] OK BabyMix/2024/06 (36 MB, 3 file)
[19/139] OK BabyMix/2024/07 (64 MB, 6 file)
[20/139] OK BabyMix/2024/08 (11 MB, 2 file)
[21/139] OK BabyMix/2024/09 (23 MB, 8 file)
[22/139] OK BabyMix/2024/10 (67 MB, 12 file)
[23/139] OK BabyMix/2024/11 (44 MB, 7 file)
[24/139] OK BabyMix/2024/12 (22 MB, 7 file)
[25/139] OK BabyMix/2025/01 (84 MB, 9 file)
[26/139] OK BabyMix/2025/02 (11 MB, 1 file)
[27/139] OK BabyMix/2025/06 (7 MB, 1 file)
[28/139] OK BabyMix/2025/07 (16 MB, 1 file)
[29/139] OK BabyMix/2025/08 (41 MB, 5 file)
[30/139] OK BabyMix/2025/09 (2 MB, 1 file)
[31/139] OK BabyMix/2025/11 (20 MB, 2 file)
[32/139] OK BabyMix/2025/12 (12 MB, 1 file)
[33/139] OK BabyMix/2026/01 (9 MB, 2 file)
[34/139] OK BabyMix/2026/03 (4 MB, 1 file)
[35/139] OK BabyMix/2026/07 (4 MB, 2 file)
[36/139] OK Baby2/2022/12 (236 MB, 50 file)
[37/139] OK Baby2/2023/01 (191 MB, 33 file)
[38/139] OK Baby2/2023/02 (255 MB, 26 file)
[39/139] OK Baby2/2023/03 (349 MB, 38 file)
[40/139] OK Baby2/2023/04 (202 MB, 28 file)
[41/139] OK Baby2/2023/05 (161 MB, 22 file)
[42/139] OK Baby2/2023/06 (311 MB, 53 file)
[43/139] OK Baby2/2023/07 (326 MB, 47 file)
[44/139] OK Baby2/2023/08 (343 MB, 43 file)
[45/139] OK Baby2/2023/08 (tiếp) (152 MB, 14 file)
[46/139] OK Baby2/2023/09 (333 MB, 43 file)
[47/139] OK Baby2/2023/09 (tiếp) (32 MB, 3 file)
[48/139] OK Baby2/2023/10 (305 MB, 41 file)
[49/139] OK Baby2/2023/11 (262 MB, 26 file)
[50/139] OK Baby2/2023/12 (295 MB, 48 file)
[51/139] OK Baby2/2024/01 (106 MB, 12 file)
[52/139] OK Baby2/2024/02 (59 MB, 12 file)
[53/139] OK Baby2/2024/03 (15 MB, 4 file)
[54/139] OK Baby2/2024/04 (52 MB, 6 file)
[55/139] OK Baby2/2024/05 (189 MB, 30 file)
[56/139] OK Baby2/2024/06 (173 MB, 13 file)
[57/139] OK Baby2/2024/07 (49 MB, 8 file)
[58/139] OK Baby2/2024/08 (5 MB, 1 file)
[59/139] OK Baby2/2024/09 (62 MB, 6 file)
[60/139] OK Baby2/2024/10 (48 MB, 8 file)
[61/139] OK Baby2/2024/11 (48 MB, 6 file)
[62/139] OK Baby2/2024/12 (39 MB, 7 file)
[63/139] OK Baby2/2025/01 (26 MB, 3 file)
[64/139] OK Baby2/2025/02 (15 MB, 3 file)
[65/139] OK Baby2/2025/03 (11 MB, 2 file)
[66/139] OK Baby2/2025/04 (27 MB, 4 file)
[67/139] OK Baby2/2025/05 (12 MB, 4 file)
[68/139] OK Baby2/2025/06 (10 MB, 4 file)
[69/139] OK Baby2/2025/07 (13 MB, 4 file)
[70/139] OK Baby2/2025/08 (9 MB, 1 file)
[71/139] OK Baby2/2025/09 (9 MB, 2 file)
[72/139] OK Baby2/2025/10 (15 MB, 4 file)
[73/139] OK Baby2/2025/12 (11 MB, 2 file)
[74/139] OK Baby2/2026/01 (53 MB, 4 file)
[75/139] OK Baby2/2026/02 (7 MB, 2 file)
[76/139] OK Baby2/2026/04 (22 MB, 2 file)
[77/139] OK Baby2/2026/06 (4 MB, 1 file)
[78/139] OK Baby1/2021/04 (47 MB, 12 file)
[79/139] OK Baby1/2021/05 (29 MB, 7 file)
[80/139] OK Baby1/2022/01 (337 MB, 25 file)
[81/139] OK Baby1/2022/01 (tiếp) (107 MB, 13 file)
[82/139] OK Baby1/2022/02 (349 MB, 37 file)
[83/139] OK Baby1/2022/02 (tiếp) (18 MB, 2 file)
[84/139] OK Baby1/2022/03 (331 MB, 40 file)
[85/139] OK Baby1/2022/03 (tiếp) (82 MB, 5 file)
[86/139] OK Baby1/2022/04 (329 MB, 41 file)
[87/139] OK Baby1/2022/04 (tiếp) (43 MB, 3 file)
[88/139] OK Baby1/2022/05 (348 MB, 43 file)
[89/139] OK Baby1/2022/05 (tiếp) (322 MB, 30 file)
[90/139] OK Baby1/2022/06 (336 MB, 35 file)
[91/139] OK Baby1/2022/06 (tiếp) (67 MB, 11 file)
[92/139] OK Baby1/2022/07 (252 MB, 27 file)
[93/139] OK Baby1/2022/08 (345 MB, 43 file)
[94/139] OK Baby1/2022/08 (tiếp) (349 MB, 36 file)
[95/139] OK Baby1/2022/08 (tiếp) (188 MB, 26 file)
[96/139] OK Baby1/2022/09 (337 MB, 52 file)
[97/139] OK Baby1/2022/09 (tiếp) (134 MB, 9 file)
[98/139] OK Baby1/2022/10 (344 MB, 42 file)
[99/139] OK Baby1/2022/10 (tiếp) (17 MB, 1 file)
[100/139] OK Baby1/2022/11 (348 MB, 30 file)
[101/139] OK Baby1/2022/11 (tiếp) (143 MB, 15 file)
[102/139] OK Baby1/2022/12 (291 MB, 35 file)
[103/139] OK Baby1/2023/01 (172 MB, 23 file)
[104/139] OK Baby1/2023/02 (110 MB, 12 file)
[105/139] OK Baby1/2023/03 (129 MB, 20 file)
[106/139] OK Baby1/2023/04 (75 MB, 8 file)
[107/139] OK Baby1/2023/05 (187 MB, 30 file)
[108/139] OK Baby1/2023/06 (87 MB, 12 file)
[109/139] OK Baby1/2023/07 (63 MB, 13 file)
[110/139] OK Baby1/2023/08 (82 MB, 11 file)
[111/139] OK Baby1/2023/09 (114 MB, 15 file)
[112/139] OK Baby1/2023/10 (50 MB, 9 file)
[113/139] OK Baby1/2023/11 (56 MB, 8 file)
[114/139] OK Baby1/2023/12 (256 MB, 17 file)
[115/139] OK Baby1/2024/01 (284 MB, 16 file)
[116/139] OK Baby1/2024/02 (116 MB, 7 file)
[117/139] OK Baby1/2024/03 (67 MB, 11 file)
[118/139] OK Baby1/2024/04 (58 MB, 10 file)
[119/139] OK Baby1/2024/05 (44 MB, 5 file)
[120/139] OK Baby1/2024/06 (58 MB, 10 file)
[121/139] OK Baby1/2024/07 (31 MB, 3 file)
[122/139] OK Baby1/2024/09 (23 MB, 2 file)
[123/139] OK Baby1/2024/10 (111 MB, 8 file)
[124/139] OK Baby1/2024/11 (2 MB, 1 file)
[125/139] OK Baby1/2025/01 (1 MB, 1 file)
[126/139] OK Baby1/2025/02 (6 MB, 3 file)
[127/139] OK Baby1/2025/03 (2 MB, 1 file)
[128/139] OK Baby1/2025/05 (23 MB, 1 file)
[129/139] OK Baby1/2025/06 (5 MB, 2 file)
[130/139] OK Baby1/2025/07 (1 MB, 1 file)
[131/139] OK Baby1/2025/08 (8 MB, 2 file)
[132/139] OK Baby1/2025/09 (4 MB, 1 file)
[133/139] OK Baby1/2025/10 (67 MB, 4 file)
[134/139] OK Baby1/2025/11 (136 MB, 5 file)
[135/139] OK Baby1/2025/12 (3 MB, 1 file)
[136/139] OK Baby1/2026/02 (7 MB, 1 file)
[137/139] OK Baby1/2026/03 (3 MB, 2 file)
[138/139] OK Baby1/2026/04 (11 MB, 2 file)
[139/139] OK Baby1/2026/06 (1 MB, 1 file)
=== ALL DONE 139/139 ===
